2026-04-27 14:18:59,585 INFO [api_auto_test] [conftest.py (logger_init:21) - 日志初始化成功]
2026-04-27 14:18:59,586 DEBUG [api_auto_test] [client.py (send:25) - ==================== 接口请求开始 ====================]
2026-04-27 14:18:59,587 DEBUG [api_auto_test] [client.py (send:26) - 接口 url: http://192.168.150.134:8080/kejiyinhangyewuguanli/shenherenyuan/login]
2026-04-27 14:18:59,587 DEBUG [api_auto_test] [client.py (send:27) - 接口 method: POST]
2026-04-27 14:18:59,587 DEBUG [api_auto_test] [client.py (send:28) - 接口 headers: {'Token': ''}]
2026-04-27 14:18:59,587 DEBUG [api_auto_test] [client.py (send:29) - 接口 params: None]
2026-04-27 14:18:59,587 DEBUG [api_auto_test] [client.py (send:30) - 接口 data: {'username': 'shenhe1', 'password': '123456'}]
2026-04-27 14:18:59,588 DEBUG [api_auto_test] [client.py (send:31) - 接口 json: None]
2026-04-27 14:18:59,588 DEBUG [api_auto_test] [client.py (send:32) - 接口 files: None]
2026-04-27 14:19:20,625 ERROR [api_auto_test] [client.py (send:52) - 接口请求异常，url=http://192.168.150.134:8080/kejiyinhangyewuguanli/shenherenyuan/login,method=POST]
Traceback (most recent call last):
  File "D:\python\lib\site-packages\urllib3\connection.py", line 204, in _new_conn
    sock = connection.create_connection(
  File "D:\python\lib\site-packages\urllib3\util\connection.py", line 85, in create_connection
    raise err
  File "D:\python\lib\site-packages\urllib3\util\connection.py", line 73, in create_connection
    sock.connect(sa)
TimeoutError: [WinError 10060] 由于连接方在一段时间后没有正确答复或连接的主机没有反应，连接尝试失败。

The above exception was the direct cause of the following exception:

Traceback (most recent call last):
  File "D:\python\lib\site-packages\urllib3\connectionpool.py", line 787, in urlopen
    response = self._make_request(
  File "D:\python\lib\site-packages\urllib3\connectionpool.py", line 493, in _make_request
    conn.request(
  File "D:\python\lib\site-packages\urllib3\connection.py", line 500, in request
    self.endheaders()
  File "D:\python\lib\http\client.py", line 1278, in endheaders
    self._send_output(message_body, encode_chunked=encode_chunked)
  File "D:\python\lib\http\client.py", line 1038, in _send_output
    self.send(msg)
  File "D:\python\lib\http\client.py", line 976, in send
    self.connect()
  File "D:\python\lib\site-packages\urllib3\connection.py", line 331, in connect
    self.sock = self._new_conn()
  File "D:\python\lib\site-packages\urllib3\connection.py", line 213, in _new_conn
    raise ConnectTimeoutError(
urllib3.exceptions.ConnectTimeoutError: (<HTTPConnection(host='192.168.150.134', port=8080) at 0x244d40ddc60>, 'Connection to 192.168.150.134 timed out. (connect timeout=None)')

The above exception was the direct cause of the following exception:

Traceback (most recent call last):
  File "D:\python\lib\site-packages\requests\adapters.py", line 644, in send
    resp = conn.urlopen(
  File "D:\python\lib\site-packages\urllib3\connectionpool.py", line 841, in urlopen
    retries = retries.increment(
  File "D:\python\lib\site-packages\urllib3\util\retry.py", line 535, in increment
    raise MaxRetryError(_pool, url, reason) from reason  # type: ignore[arg-type]
urllib3.exceptions.MaxRetryError: HTTPConnectionPool(host='192.168.150.134', port=8080): Max retries exceeded with url: /kejiyinhangyewuguanli/shenherenyuan/login (Caused by ConnectTimeoutError(<HTTPConnection(host='192.168.150.134', port=8080) at 0x244d40ddc60>, 'Connection to 192.168.150.134 timed out. (connect timeout=None)'))

During handling of the above exception, another exception occurred:

Traceback (most recent call last):
  File "D:\api_object_project_140\common\client.py", line 36, in send
    self.resp = RequestsClient.session.request(
  File "D:\python\lib\site-packages\requests\sessions.py", line 589, in request
    resp = self.send(prep, **send_kwargs)
  File "D:\python\lib\site-packages\requests\sessions.py", line 703, in send
    r = adapter.send(request, **kwargs)
  File "D:\python\lib\site-packages\requests\adapters.py", line 665, in send
    raise ConnectTimeout(e, request=request)
requests.exceptions.ConnectTimeout: HTTPConnectionPool(host='192.168.150.134', port=8080): Max retries exceeded with url: /kejiyinhangyewuguanli/shenherenyuan/login (Caused by ConnectTimeoutError(<HTTPConnection(host='192.168.150.134', port=8080) at 0x244d40ddc60>, 'Connection to 192.168.150.134 timed out. (connect timeout=None)'))
2026-04-27 14:20:16,762 INFO [api_auto_test] [conftest.py (logger_init:21) - 日志初始化成功]
2026-04-27 14:20:16,763 DEBUG [api_auto_test] [client.py (send:25) - ==================== 接口请求开始 ====================]
2026-04-27 14:20:16,763 DEBUG [api_auto_test] [client.py (send:26) - 接口 url: http://192.168.150.134:8080/kejiyinhangyewuguanli/shenherenyuan/login]
2026-04-27 14:20:16,763 DEBUG [api_auto_test] [client.py (send:27) - 接口 method: POST]
2026-04-27 14:20:16,763 DEBUG [api_auto_test] [client.py (send:28) - 接口 headers: {'Token': ''}]
2026-04-27 14:20:16,763 DEBUG [api_auto_test] [client.py (send:29) - 接口 params: None]
2026-04-27 14:20:16,763 DEBUG [api_auto_test] [client.py (send:30) - 接口 data: {'username': 'shenhe1', 'password': '123456'}]
2026-04-27 14:20:16,763 DEBUG [api_auto_test] [client.py (send:31) - 接口 json: None]
2026-04-27 14:20:16,763 DEBUG [api_auto_test] [client.py (send:32) - 接口 files: None]
2026-04-27 14:20:50,282 INFO [api_auto_test] [conftest.py (logger_init:21) - 日志初始化成功]
2026-04-27 14:20:50,283 DEBUG [api_auto_test] [client.py (send:25) - ==================== 接口请求开始 ====================]
2026-04-27 14:20:50,283 DEBUG [api_auto_test] [client.py (send:26) - 接口 url: http://192.168.9.133:8080/kejiyinhangyewuguanli/shenherenyuan/login]
2026-04-27 14:20:50,283 DEBUG [api_auto_test] [client.py (send:27) - 接口 method: POST]
2026-04-27 14:20:50,283 DEBUG [api_auto_test] [client.py (send:28) - 接口 headers: {'Token': ''}]
2026-04-27 14:20:50,283 DEBUG [api_auto_test] [client.py (send:29) - 接口 params: None]
2026-04-27 14:20:50,283 DEBUG [api_auto_test] [client.py (send:30) - 接口 data: {'username': 'shenhe1', 'password': '123456'}]
2026-04-27 14:20:50,283 DEBUG [api_auto_test] [client.py (send:31) - 接口 json: None]
2026-04-27 14:20:50,284 DEBUG [api_auto_test] [client.py (send:32) - 接口 files: None]
2026-04-27 14:20:51,386 DEBUG [api_auto_test] [client.py (send:47) - 接口响应状态码：200]
2026-04-27 14:20:51,387 DEBUG [api_auto_test] [client.py (send:48) - 接口响应body:{"code":0,"role":"审核人员","userId":1,"token":"schxvqh8ulfe5whed6a12cj544etutbu","username":"陈雅婷1(审核)","tableName":"shenherenyuan"}]
2026-04-27 14:20:51,387 DEBUG [api_auto_test] [client.py (send:49) - ==============接口请求结束================]
2026-04-27 14:20:51,387 DEBUG [api_auto_test] [client.py (send:25) - ==================== 接口请求开始 ====================]
2026-04-27 14:20:51,387 DEBUG [api_auto_test] [client.py (send:26) - 接口 url: http://192.168.9.133:8080/kejiyinhangyewuguanli/yonghu/login]
2026-04-27 14:20:51,387 DEBUG [api_auto_test] [client.py (send:27) - 接口 method: POST]
2026-04-27 14:20:51,387 DEBUG [api_auto_test] [client.py (send:28) - 接口 headers: {'Token': ''}]
2026-04-27 14:20:51,388 DEBUG [api_auto_test] [client.py (send:29) - 接口 params: None]
2026-04-27 14:20:51,388 DEBUG [api_auto_test] [client.py (send:30) - 接口 data: {'username': 'user1', 'password': '123456'}]
2026-04-27 14:20:51,388 DEBUG [api_auto_test] [client.py (send:31) - 接口 json: None]
2026-04-27 14:20:51,388 DEBUG [api_auto_test] [client.py (send:32) - 接口 files: None]
2026-04-27 14:20:51,434 DEBUG [api_auto_test] [client.py (send:47) - 接口响应状态码：200]
2026-04-27 14:20:51,435 DEBUG [api_auto_test] [client.py (send:48) - 接口响应body:{"code":0,"role":"用户","userId":1,"token":"xn3lxthjt7iowqduuwpmmk8hjfypzvkp","username":"李晨曦1(用户)","tableName":"yonghu"}]
2026-04-27 14:20:51,435 DEBUG [api_auto_test] [client.py (send:49) - ==============接口请求结束================]
2026-04-27 14:20:51,473 DEBUG [api_auto_test] [client.py (send:25) - ==================== 接口请求开始 ====================]
2026-04-27 14:20:51,473 DEBUG [api_auto_test] [client.py (send:26) - 接口 url: http://192.168.9.133:8080/kejiyinhangyewuguanli/licaicanpinGoumai/save]
2026-04-27 14:20:51,474 DEBUG [api_auto_test] [client.py (send:27) - 接口 method: post]
2026-04-27 14:20:51,474 DEBUG [api_auto_test] [client.py (send:28) - 接口 headers: {'Token': 'xn3lxthjt7iowqduuwpmmk8hjfypzvkp'}]
2026-04-27 14:20:51,474 DEBUG [api_auto_test] [client.py (send:29) - 接口 params: None]
2026-04-27 14:20:51,474 DEBUG [api_auto_test] [client.py (send:30) - 接口 data: None]
2026-04-27 14:20:51,474 DEBUG [api_auto_test] [client.py (send:31) - 接口 json: {'licaicanpinId': 3, 'licaicanpinGoumaiUuidNumber': '3d38d7ff-4201-11f1-88fb-e0be0362f603', 'licaicanpinGoumaiFenshu': 2}]
2026-04-27 14:20:51,474 DEBUG [api_auto_test] [client.py (send:32) - 接口 files: None]
2026-04-27 14:20:51,814 DEBUG [api_auto_test] [client.py (send:47) - 接口响应状态码：200]
2026-04-27 14:20:51,814 DEBUG [api_auto_test] [client.py (send:48) - 接口响应body:{"code":0}]
2026-04-27 14:20:51,814 DEBUG [api_auto_test] [client.py (send:49) - ==============接口请求结束================]
2026-04-27 14:20:51,829 DEBUG [api_auto_test] [client.py (send:25) - ==================== 接口请求开始 ====================]
2026-04-27 14:20:51,830 DEBUG [api_auto_test] [client.py (send:26) - 接口 url: http://192.168.9.133:8080/kejiyinhangyewuguanli/licaicanpinGoumai/page]
2026-04-27 14:20:51,830 DEBUG [api_auto_test] [client.py (send:27) - 接口 method: get]
2026-04-27 14:20:51,830 DEBUG [api_auto_test] [client.py (send:28) - 接口 headers: {'Token': 'schxvqh8ulfe5whed6a12cj544etutbu'}]
2026-04-27 14:20:51,830 DEBUG [api_auto_test] [client.py (send:29) - 接口 params: {'page': 1, 'limit': 10, 'licaicanpinGoumaiDelete': 1}]
2026-04-27 14:20:51,830 DEBUG [api_auto_test] [client.py (send:30) - 接口 data: None]
2026-04-27 14:20:51,830 DEBUG [api_auto_test] [client.py (send:31) - 接口 json: None]
2026-04-27 14:20:51,830 DEBUG [api_auto_test] [client.py (send:32) - 接口 files: None]
2026-04-27 14:20:52,145 DEBUG [api_auto_test] [client.py (send:47) - 接口响应状态码：200]
2026-04-27 14:20:52,146 DEBUG [api_auto_test] [client.py (send:48) - 接口响应body:{"code":0,"data":{"total":279,"pageSize":10,"totalPage":28,"currPage":1,"list":[{"id":322,"yonghuId":1,"licaicanpinId":3,"licaicanpinGoumaiUuidNumber":"3d38d7ff-4201-11f1-88fb-e0be0362f603","licaicanpinGoumaiFenshu":2.0,"licaicanpinGoumaiHuafei":200000.0,"insertTime":"2026-04-19 13:52:50","licaicanpinGoumaiYesnoTypes":1,"licaicanpinGoumaiYesnoText":null,"licaicanpinGoumaiShenheTime":null,"createTime":"2026-04-19 13:52:50","licaicanpinGoumaiYesnoValue":"待审核","yonghuUuidNumber":"16503565838233","yonghuName":"李晨曦1(用户)","yonghuPhone":"17703786901","yonghuIdNumber":"410224199610232001","yonghuPhoto":"http://localhost:8080/kejiyinhangyewuguanli/upload/yonghu1.jpg","zhuxiaoTypes":1,"zhuxiaoValue":"使用","yonghuEmail":"1@qq.com","licaicanpinYewurenyuanId":1,"licaicanpinUuidNumber":"16503565838282","licaicanpinName":"金盾养老理财","licaicanpinTypes":1,"licaicanpinValue":"货币型","licaicanpinJine":100000.0,"licaicanpinFenshu":1000,"licaicanpinContent":"封闭期5年，目标年化收益5.2%，养老专属"},{"id":321,"yonghuId":1,"licaicanpinId":5,"licaicanpinGoumaiUuidNumber":"9bae1195-3ef6-11f1-8182-e0be0362f603","licaicanpinGoumaiFenshu":-1.0,"licaicanpinGoumaiHuafei":-1.0,"insertTime":"2026-04-19 13:18:44","licaicanpinGoumaiYesnoTypes":2,"licaicanpinGoumaiYesnoText":"购买理财产品[货币基金-日日鑫],花费账户为[16503565838425]的银行卡内的-1.0元,低于十万自动审核通过","licaicanpinGoumaiShenheTime":"2026-04-19 13:18:44","createTime":"2026-04-19 13:18:44","licaicanpinGoumaiYesnoValue":"同意","yonghuUuidNumber":"16503565838233","yonghuName":"李晨曦1(用户)","yonghuPhone":"17703786901","yonghuIdNumber":"410224199610232001","yonghuPhoto":"http://localhost:8080/kejiyinhangyewuguanli/upload/yonghu1.jpg","zhuxiaoTypes":1,"zhuxiaoValue":"使用","yonghuEmail":"1@qq.com","licaicanpinYewurenyuanId":2,"licaicanpinUuidNumber":"165035658382818","licaicanpinName":"货币基金-日日鑫","licaicanpinTypes":1,"licaicanpinValue":"货币型","licaicanpinJine":1.0,"licaicanpinFenshu":10000075,"licaicanpinContent":"T+0灵活申赎，7日年化2.1%"},{"id":320,"yonghuId":1,"licaicanpinId":5,"licaicanpinGoumaiUuidNumber":"9ba54223-3ef6-11f1-b900-e0be0362f603","licaicanpinGoumaiFenshu":0.0,"licaicanpinGoumaiHuafei":0.0,"insertTime":"2026-04-19 13:18:44","licaicanpinGoumaiYesnoTypes":2,"licaicanpinGoumaiYesnoText":"购买理财产品[货币基金-日日鑫],花费账户为[16503565838425]的银行卡内的0.0元,低于十万自动审核通过","licaicanpinGoumaiShenheTime":"2026-04-19 13:18:44","createTime":"2026-04-19 13:18:44","licaicanpinGoumaiYesnoValue":"同意","yonghuUuidNumber":"16503565838233","yonghuName":"李晨曦1(用户)","yonghuPhone":"17703786901","yonghuIdNumber":"410224199610232001","yonghuPhoto":"http://localhost:8080/kejiyinhangyewuguanli/upload/yonghu1.jpg","zhuxiaoTypes":1,"zhuxiaoValue":"使用","yonghuEmail":"1@qq.com","licaicanpinYewurenyuanId":2,"licaicanpinUuidNumber":"165035658382818","licaicanpinName":"货币基金-日日鑫","licaicanpinTypes":1,"licaicanpinValue":"货币型","licaicanpinJine":1.0,"licaicanpinFenshu":10000075,"licaicanpinContent":"T+0灵活申赎，7日年化2.1%"},{"id":319,"yonghuId":1,"licaicanpinId":3,"licaicanpinGoumaiUuidNumber":"9b59fa08-3ef6-11f1-a2be-e0be0362f603","licaicanpinGoumaiFenshu":2.0,"licaicanpinGoumaiHuafei":200000.0,"insertTime":"2026-04-19 13:18:43","licaicanpinGoumaiYesnoTypes":2,"licaicanpinGoumaiYesnoText":"agree","licaicanpinGoumaiShenheTime":"2026-04-19 13:18:43","createTime":"2026-04-19 13:18:43","licaicanpinGoumaiYesnoValue":"同意","yonghuUuidNumber":"16503565838233","yonghuName":"李晨曦1(用户)","yonghuPhone":"17703786901","yonghuIdNumber":"410224199610232001","yonghuPhoto":"http://localhost:8080/kejiyinhangyewuguanli/upload/yonghu1.jpg","zhuxiaoTypes":1,"zhuxiaoValue":"使用","yonghuEmail":"1@qq.com","licaicanpinYewurenyuanId":1,"licaicanpinUuidNumber":"16503565838282","licaicanpinName":"金盾养老理财","licaicanpinTypes":1,"licaicanpinValue":"货币型","licaicanpinJine":100000.0,"licaicanpinFenshu":1000,"licaicanpinContent":"封闭期5年，目标年化收益5.2%，养老专属"},{"id":318,"yonghuId":1,"licaicanpinId":5,"licaicanpinGoumaiUuidNumber":"4c28b2f1-3ef2-11f1-a95a-e0be0362f603","licaicanpinGoumaiFenshu":-1.0,"licaicanpinGoumaiHuafei":-1.0,"insertTime":"2026-04-19 12:47:52","licaicanpinGoumaiYesnoTypes":2,"licaicanpinGoumaiYesnoText":"购买理财产品[货币基金-日日鑫],花费账户为[16503565838425]的银行卡内的-1.0元,低于十万自动审核通过","licaicanpinGoumaiShenheTime":"2026-04-19 12:47:52","createTime":"2026-04-19 12:47:52","licaicanpinGoumaiYesnoValue":"同意","yonghuUuidNumber":"16503565838233","yonghuName":"李晨曦1(用户)","yonghuPhone":"17703786901","yonghuIdNumber":"410224199610232001","yonghuPhoto":"http://localhost:8080/kejiyinhangyewuguanli/upload/yonghu1.jpg","zhuxiaoTypes":1,"zhuxiaoValue":"使用","yonghuEmail":"1@qq.com","licaicanpinYewurenyuanId":2,"licaicanpinUuidNumber":"165035658382818","licaicanpinName":"货币基金-日日鑫","licaicanpinTypes":1,"licaicanpinValue":"货币型","licaicanpinJine":1.0,"licaicanpinFenshu":10000075,"licaicanpinContent":"T+0灵活申赎，7日年化2.1%"},{"id":317,"yonghuId":1,"licaicanpinId":5,"licaicanpinGoumaiUuidNumber":"4c1f57f6-3ef2-11f1-8791-e0be0362f603","licaicanpinGoumaiFenshu":0.0,"licaicanpinGoumaiHuafei":0.0,"insertTime":"2026-04-19 12:47:52","licaicanpinGoumaiYesnoTypes":2,"licaicanpinGoumaiYesnoText":"购买理财产品[货币基金-日日鑫],花费账户为[16503565838425]的银行卡内的0.0元,低于十万自动审核通过","licaicanpinGoumaiShenheTime":"2026-04-19 12:47:52","createTime":"2026-04-19 12:47:52","licaicanpinGoumaiYesnoValue":"同意","yonghuUuidNumber":"16503565838233","yonghuName":"李晨曦1(用户)","yonghuPhone":"17703786901","yonghuIdNumber":"410224199610232001","yonghuPhoto":"http://localhost:8080/kejiyinhangyewuguanli/upload/yonghu1.jpg","zhuxiaoTypes":1,"zhuxiaoValue":"使用","yonghuEmail":"1@qq.com","licaicanpinYewurenyuanId":2,"licaicanpinUuidNumber":"165035658382818","licaicanpinName":"货币基金-日日鑫","licaicanpinTypes":1,"licaicanpinValue":"货币型","licaicanpinJine":1.0,"licaicanpinFenshu":10000075,"licaicanpinContent":"T+0灵活申赎，7日年化2.1%"},{"id":316,"yonghuId":1,"licaicanpinId":3,"licaicanpinGoumaiUuidNumber":"4ba86a58-3ef2-11f1-ba54-e0be0362f603","licaicanpinGoumaiFenshu":2.0,"licaicanpinGoumaiHuafei":200000.0,"insertTime":"2026-04-19 12:47:51","licaicanpinGoumaiYesnoTypes":2,"licaicanpinGoumaiYesnoText":"agree","licaicanpinGoumaiShenheTime":"2026-04-19 12:47:51","createTime":"2026-04-19 12:47:51","licaicanpinGoumaiYesnoValue":"同意","yonghuUuidNumber":"16503565838233","yonghuName":"李晨曦1(用户)","yonghuPhone":"17703786901","yonghuIdNumber":"410224199610232001","yonghuPhoto":"http://localhost:8080/kejiyinhangyewuguanli/upload/yonghu1.jpg","zhuxiaoTypes":1,"zhuxiaoValue":"使用","yonghuEmail":"1@qq.com","licaicanpinYewurenyuanId":1,"licaicanpinUuidNumber":"16503565838282","licaicanpinName":"金盾养老理财","licaicanpinTypes":1,"licaicanpinValue":"货币型","licaicanpinJine":100000.0,"licaicanpinFenshu":1000,"licaicanpinContent":"封闭期5年，目标年化收益5.2%，养老专属"},{"id":315,"yonghuId":1,"licaicanpinId":5,"licaicanpinGoumaiUuidNumber":"f466ba38-3ef0-11f1-8e15-e0be0362f603","licaicanpinGoumaiFenshu":-1.0,"licaicanpinGoumaiHuafei":-1.0,"insertTime":"2026-04-19 12:38:15","licaicanpinGoumaiYesnoTypes":2,"licaicanpinGoumaiYesnoText":"购买理财产品[货币基金-日日鑫],花费账户为[16503565838425]的银行卡内的-1.0元,低于十万自动审核通过","licaicanpinGoumaiShenheTime":"2026-04-19 12:38:15","createTime":"2026-04-19 12:38:15","licaicanpinGoumaiYesnoValue":"同意","yonghuUuidNumber":"16503565838233","yonghuName":"李晨曦1(用户)","yonghuPhone":"17703786901","yonghuIdNumber":"410224199610232001","yonghuPhoto":"http://localhost:8080/kejiyinhangyewuguanli/upload/yonghu1.jpg","zhuxiaoTypes":1,"zhuxiaoValue":"使用","yonghuEmail":"1@qq.com","licaicanpinYewurenyuanId":2,"licaicanpinUuidNumber":"165035658382818","licaicanpinName":"货币基金-日日鑫","licaicanpinTypes":1,"licaicanpinValue":"货币型","licaicanpinJine":1.0,"licaicanpinFenshu":10000075,"licaicanpinContent":"T+0灵活申赎，7日年化2.1%"},{"id":314,"yonghuId":1,"licaicanpinId":5,"licaicanpinGoumaiUuidNumber":"f45bd93b-3ef0-11f1-b5e5-e0be0362f603","licaicanpinGoumaiFenshu":0.0,"licaicanpinGoumaiHuafei":0.0,"insertTime":"2026-04-19 12:38:15","licaicanpinGoumaiYesnoTypes":2,"licaicanpinGoumaiYesnoText":"购买理财产品[货币基金-日日鑫],花费账户为[16503565838425]的银行卡内的0.0元,低于十万自动审核通过","licaicanpinGoumaiShenheTime":"2026-04-19 12:38:15","createTime":"2026-04-19 12:38:15","licaicanpinGoumaiYesnoValue":"同意","yonghuUuidNumber":"16503565838233","yonghuName":"李晨曦1(用户)","yonghuPhone":"17703786901","yonghuIdNumber":"410224199610232001","yonghuPhoto":"http://localhost:8080/kejiyinhangyewuguanli/upload/yonghu1.jpg","zhuxiaoTypes":1,"zhuxiaoValue":"使用","yonghuEmail":"1@qq.com","licaicanpinYewurenyuanId":2,"licaicanpinUuidNumber":"165035658382818","licaicanpinName":"货币基金-日日鑫","licaicanpinTypes":1,"licaicanpinValue":"货币型","licaicanpinJine":1.0,"licaicanpinFenshu":10000075,"licaicanpinContent":"T+0灵活申赎，7日年化2.1%"},{"id":313,"yonghuId":1,"licaicanpinId":3,"licaicanpinGoumaiUuidNumber":"f42d0d3f-3ef0-11f1-a75c-e0be0362f603","licaicanpinGoumaiFenshu":2.0,"licaicanpinGoumaiHuafei":200000.0,"insertTime":"2026-04-19 12:38:15","licaicanpinGoumaiYesnoTypes":2,"licaicanpinGoumaiYesnoText":"agree","licaicanpinGoumaiShenheTime":"2026-04-19 12:38:15","createTime":"2026-04-19 12:38:15","licaicanpinGoumaiYesnoValue":"同意","yonghuUuidNumber":"16503565838233","yonghuName":"李晨曦1(用户)","yonghuPhone":"17703786901","yonghuIdNumber":"410224199610232001","yonghuPhoto":"http://localhost:8080/kejiyinhangyewuguanli/upload/yonghu1.jpg","zhuxiaoTypes":1,"zhuxiaoValue":"使用","yonghuEmail":"1@qq.com","licaicanpinYewurenyuanId":1,"licaicanpinUuidNumber":"16503565838282","licaicanpinName":"金盾养老理财","licaicanpinTypes":1,"licaicanpinValue":"货币型","licaicanpinJine":100000.0,"licaicanpinFenshu":1000,"licaicanpinContent":"封闭期5年，目标年化收益5.2%，养老专属"}]}}]
2026-04-27 14:20:52,147 DEBUG [api_auto_test] [client.py (send:49) - ==============接口请求结束================]
2026-04-27 14:20:52,167 DEBUG [api_auto_test] [client.py (send:25) - ==================== 接口请求开始 ====================]
2026-04-27 14:20:52,168 DEBUG [api_auto_test] [client.py (send:26) - 接口 url: http://192.168.9.133:8080/kejiyinhangyewuguanli/licaicanpinGoumai/shenhe]
2026-04-27 14:20:52,168 DEBUG [api_auto_test] [client.py (send:27) - 接口 method: post]
2026-04-27 14:20:52,168 DEBUG [api_auto_test] [client.py (send:28) - 接口 headers: {'Token': 'schxvqh8ulfe5whed6a12cj544etutbu'}]
2026-04-27 14:20:52,168 DEBUG [api_auto_test] [client.py (send:29) - 接口 params: None]
2026-04-27 14:20:52,168 DEBUG [api_auto_test] [client.py (send:30) - 接口 data: None]
2026-04-27 14:20:52,168 DEBUG [api_auto_test] [client.py (send:31) - 接口 json: {'id': 322, 'licaicanpinGoumaiYesnoTypes': 2, 'licaicanpinGoumaiYesnoText': 'agree'}]
2026-04-27 14:20:52,169 DEBUG [api_auto_test] [client.py (send:32) - 接口 files: None]
2026-04-27 14:20:52,272 DEBUG [api_auto_test] [client.py (send:47) - 接口响应状态码：200]
2026-04-27 14:20:52,273 DEBUG [api_auto_test] [client.py (send:48) - 接口响应body:{"code":0}]
2026-04-27 14:20:52,273 DEBUG [api_auto_test] [client.py (send:49) - ==============接口请求结束================]
2026-04-27 14:20:52,287 DEBUG [api_auto_test] [client.py (send:25) - ==================== 接口请求开始 ====================]
2026-04-27 14:20:52,287 DEBUG [api_auto_test] [client.py (send:26) - 接口 url: http://192.168.9.133:8080/kejiyinhangyewuguanli/licaicanpinGoumai/save]
2026-04-27 14:20:52,288 DEBUG [api_auto_test] [client.py (send:27) - 接口 method: post]
2026-04-27 14:20:52,288 DEBUG [api_auto_test] [client.py (send:28) - 接口 headers: {'Token': 'xn3lxthjt7iowqduuwpmmk8hjfypzvkp'}]
2026-04-27 14:20:52,288 DEBUG [api_auto_test] [client.py (send:29) - 接口 params: None]
2026-04-27 14:20:52,288 DEBUG [api_auto_test] [client.py (send:30) - 接口 data: None]
2026-04-27 14:20:52,288 DEBUG [api_auto_test] [client.py (send:31) - 接口 json: {'licaicanpinId': 1000, 'licaicanpinGoumaiUuidNumber': '3db51900-4201-11f1-8a9c-e0be0362f603', 'licaicanpinGoumaiFenshu': 1}]
2026-04-27 14:20:52,288 DEBUG [api_auto_test] [client.py (send:32) - 接口 files: None]
2026-04-27 14:20:52,311 DEBUG [api_auto_test] [client.py (send:47) - 接口响应状态码：200]
2026-04-27 14:20:52,311 DEBUG [api_auto_test] [client.py (send:48) - 接口响应body:{"msg":"查不到理财产品","code":500}]
2026-04-27 14:20:52,311 DEBUG [api_auto_test] [client.py (send:49) - ==============接口请求结束================]
2026-04-27 14:20:52,444 DEBUG [api_auto_test] [client.py (send:25) - ==================== 接口请求开始 ====================]
2026-04-27 14:20:52,444 DEBUG [api_auto_test] [client.py (send:26) - 接口 url: http://192.168.9.133:8080/kejiyinhangyewuguanli/licaicanpinGoumai/save]
2026-04-27 14:20:52,444 DEBUG [api_auto_test] [client.py (send:27) - 接口 method: post]
2026-04-27 14:20:52,444 DEBUG [api_auto_test] [client.py (send:28) - 接口 headers: {'Token': 'xn3lxthjt7iowqduuwpmmk8hjfypzvkp'}]
2026-04-27 14:20:52,444 DEBUG [api_auto_test] [client.py (send:29) - 接口 params: None]
2026-04-27 14:20:52,444 DEBUG [api_auto_test] [client.py (send:30) - 接口 data: None]
2026-04-27 14:20:52,444 DEBUG [api_auto_test] [client.py (send:31) - 接口 json: {'licaicanpinId': 5, 'licaicanpinGoumaiUuidNumber': '3dcd05c8-4201-11f1-8da8-e0be0362f603', 'licaicanpinGoumaiFenshu': 0}]
2026-04-27 14:20:52,445 DEBUG [api_auto_test] [client.py (send:32) - 接口 files: None]
2026-04-27 14:20:52,493 DEBUG [api_auto_test] [client.py (send:47) - 接口响应状态码：200]
2026-04-27 14:20:52,494 DEBUG [api_auto_test] [client.py (send:48) - 接口响应body:{"code":0}]
2026-04-27 14:20:52,494 DEBUG [api_auto_test] [client.py (send:49) - ==============接口请求结束================]
2026-04-27 14:20:52,509 DEBUG [api_auto_test] [client.py (send:25) - ==================== 接口请求开始 ====================]
2026-04-27 14:20:52,509 DEBUG [api_auto_test] [client.py (send:26) - 接口 url: http://192.168.9.133:8080/kejiyinhangyewuguanli/licaicanpinGoumai/save]
2026-04-27 14:20:52,510 DEBUG [api_auto_test] [client.py (send:27) - 接口 method: post]
2026-04-27 14:20:52,510 DEBUG [api_auto_test] [client.py (send:28) - 接口 headers: {'Token': 'xn3lxthjt7iowqduuwpmmk8hjfypzvkp'}]
2026-04-27 14:20:52,510 DEBUG [api_auto_test] [client.py (send:29) - 接口 params: None]
2026-04-27 14:20:52,510 DEBUG [api_auto_test] [client.py (send:30) - 接口 data: None]
2026-04-27 14:20:52,510 DEBUG [api_auto_test] [client.py (send:31) - 接口 json: {'licaicanpinId': 5, 'licaicanpinGoumaiUuidNumber': '3dd6f8ab-4201-11f1-b3d3-e0be0362f603', 'licaicanpinGoumaiFenshu': -1}]
2026-04-27 14:20:52,510 DEBUG [api_auto_test] [client.py (send:32) - 接口 files: None]
2026-04-27 14:20:52,628 DEBUG [api_auto_test] [client.py (send:47) - 接口响应状态码：200]
2026-04-27 14:20:52,628 DEBUG [api_auto_test] [client.py (send:48) - 接口响应body:{"code":0}]
2026-04-27 14:20:52,629 DEBUG [api_auto_test] [client.py (send:49) - ==============接口请求结束================]
2026-04-27 14:20:52,650 DEBUG [api_auto_test] [client.py (send:25) - ==================== 接口请求开始 ====================]
2026-04-27 14:20:52,651 DEBUG [api_auto_test] [client.py (send:26) - 接口 url: http://192.168.9.133:8080/kejiyinhangyewuguanli/licaicanpinGoumai/save]
2026-04-27 14:20:52,651 DEBUG [api_auto_test] [client.py (send:27) - 接口 method: post]
2026-04-27 14:20:52,651 DEBUG [api_auto_test] [client.py (send:28) - 接口 headers: {'Token': 'xn3lxthjt7iowqduuwpmmk8hjfypzvkp'}]
2026-04-27 14:20:52,651 DEBUG [api_auto_test] [client.py (send:29) - 接口 params: None]
2026-04-27 14:20:52,651 DEBUG [api_auto_test] [client.py (send:30) - 接口 data: None]
2026-04-27 14:20:52,651 DEBUG [api_auto_test] [client.py (send:31) - 接口 json: {'licaicanpinId': 5, 'licaicanpinGoumaiUuidNumber': '3dec8dbe-4201-11f1-a41d-e0be0362f603', 'licaicanpinGoumaiFenshu': 999999999}]
2026-04-27 14:20:52,651 DEBUG [api_auto_test] [client.py (send:32) - 接口 files: None]
2026-04-27 14:20:52,699 DEBUG [api_auto_test] [client.py (send:47) - 接口响应状态码：200]
2026-04-27 14:20:52,699 DEBUG [api_auto_test] [client.py (send:48) - 接口响应body:{"msg":"购买份数不能大于总份数","code":500}]
2026-04-27 14:20:52,699 DEBUG [api_auto_test] [client.py (send:49) - ==============接口请求结束================]
2026-04-27 14:42:54,065 INFO [api_auto_test] [conftest.py (logger_init:21) - 日志初始化成功]
2026-04-27 14:42:54,067 DEBUG [api_auto_test] [client.py (send:25) - ==================== 接口请求开始 ====================]
2026-04-27 14:42:54,067 DEBUG [api_auto_test] [client.py (send:26) - 接口 url: http://192.168.9.133:8080/kejiyinhangyewuguanli/shenherenyuan/login]
2026-04-27 14:42:54,067 DEBUG [api_auto_test] [client.py (send:27) - 接口 method: POST]
2026-04-27 14:42:54,068 DEBUG [api_auto_test] [client.py (send:28) - 接口 headers: {'Token': ''}]
2026-04-27 14:42:54,068 DEBUG [api_auto_test] [client.py (send:29) - 接口 params: None]
2026-04-27 14:42:54,068 DEBUG [api_auto_test] [client.py (send:30) - 接口 data: {'username': 'shenhe1', 'password': '123456'}]
2026-04-27 14:42:54,069 DEBUG [api_auto_test] [client.py (send:31) - 接口 json: None]
2026-04-27 14:42:54,069 DEBUG [api_auto_test] [client.py (send:32) - 接口 files: None]
2026-04-27 14:42:54,104 DEBUG [api_auto_test] [client.py (send:47) - 接口响应状态码：200]
2026-04-27 14:42:54,105 DEBUG [api_auto_test] [client.py (send:48) - 接口响应body:{"code":0,"role":"审核人员","userId":1,"token":"st3cn11xuv2euofsqgrd9o2ogzz4hgdg","username":"陈雅婷1(审核)","tableName":"shenherenyuan"}]
2026-04-27 14:42:54,106 DEBUG [api_auto_test] [client.py (send:49) - ==============接口请求结束================]
2026-04-27 14:42:54,106 DEBUG [api_auto_test] [client.py (send:25) - ==================== 接口请求开始 ====================]
2026-04-27 14:42:54,106 DEBUG [api_auto_test] [client.py (send:26) - 接口 url: http://192.168.9.133:8080/kejiyinhangyewuguanli/yonghu/login]
2026-04-27 14:42:54,107 DEBUG [api_auto_test] [client.py (send:27) - 接口 method: POST]
2026-04-27 14:42:54,107 DEBUG [api_auto_test] [client.py (send:28) - 接口 headers: {'Token': ''}]
2026-04-27 14:42:54,108 DEBUG [api_auto_test] [client.py (send:29) - 接口 params: None]
2026-04-27 14:42:54,108 DEBUG [api_auto_test] [client.py (send:30) - 接口 data: {'username': 'user1', 'password': '123456'}]
2026-04-27 14:42:54,108 DEBUG [api_auto_test] [client.py (send:31) - 接口 json: None]
2026-04-27 14:42:54,108 DEBUG [api_auto_test] [client.py (send:32) - 接口 files: None]
2026-04-27 14:42:54,140 DEBUG [api_auto_test] [client.py (send:47) - 接口响应状态码：200]
2026-04-27 14:42:54,140 DEBUG [api_auto_test] [client.py (send:48) - 接口响应body:{"code":0,"role":"用户","userId":1,"token":"6u7j11ryjtjutfe0lfsgjdcwclrohe01","username":"李晨曦1(用户)","tableName":"yonghu"}]
2026-04-27 14:42:54,141 DEBUG [api_auto_test] [client.py (send:49) - ==============接口请求结束================]
2026-04-27 14:42:54,176 DEBUG [api_auto_test] [client.py (send:25) - ==================== 接口请求开始 ====================]
2026-04-27 14:42:54,177 DEBUG [api_auto_test] [client.py (send:26) - 接口 url: http://192.168.9.133:8080/kejiyinhangyewuguanli/licaicanpinGoumai/save]
2026-04-27 14:42:54,177 DEBUG [api_auto_test] [client.py (send:27) - 接口 method: post]
2026-04-27 14:42:54,178 DEBUG [api_auto_test] [client.py (send:28) - 接口 headers: {'Token': '6u7j11ryjtjutfe0lfsgjdcwclrohe01'}]
2026-04-27 14:42:54,178 DEBUG [api_auto_test] [client.py (send:29) - 接口 params: None]
2026-04-27 14:42:54,179 DEBUG [api_auto_test] [client.py (send:30) - 接口 data: None]
2026-04-27 14:42:54,179 DEBUG [api_auto_test] [client.py (send:31) - 接口 json: {'licaicanpinId': 3, 'licaicanpinGoumaiUuidNumber': '519d5071-4204-11f1-8434-e0be0362f603', 'licaicanpinGoumaiFenshu': 2}]
2026-04-27 14:42:54,180 DEBUG [api_auto_test] [client.py (send:32) - 接口 files: None]
2026-04-27 14:42:54,279 DEBUG [api_auto_test] [client.py (send:47) - 接口响应状态码：200]
2026-04-27 14:42:54,280 DEBUG [api_auto_test] [client.py (send:48) - 接口响应body:{"code":0}]
2026-04-27 14:42:54,280 DEBUG [api_auto_test] [client.py (send:49) - ==============接口请求结束================]
2026-04-27 14:42:54,299 DEBUG [api_auto_test] [client.py (send:25) - ==================== 接口请求开始 ====================]
2026-04-27 14:42:54,300 DEBUG [api_auto_test] [client.py (send:26) - 接口 url: http://192.168.9.133:8080/kejiyinhangyewuguanli/licaicanpinGoumai/page]
2026-04-27 14:42:54,300 DEBUG [api_auto_test] [client.py (send:27) - 接口 method: get]
2026-04-27 14:42:54,301 DEBUG [api_auto_test] [client.py (send:28) - 接口 headers: {'Token': 'st3cn11xuv2euofsqgrd9o2ogzz4hgdg'}]
2026-04-27 14:42:54,301 DEBUG [api_auto_test] [client.py (send:29) - 接口 params: {'page': 1, 'limit': 10, 'licaicanpinGoumaiDelete': 1}]
2026-04-27 14:42:54,301 DEBUG [api_auto_test] [client.py (send:30) - 接口 data: None]
2026-04-27 14:42:54,302 DEBUG [api_auto_test] [client.py (send:31) - 接口 json: None]
2026-04-27 14:42:54,302 DEBUG [api_auto_test] [client.py (send:32) - 接口 files: None]
2026-04-27 14:42:54,443 DEBUG [api_auto_test] [client.py (send:47) - 接口响应状态码：200]
2026-04-27 14:42:54,444 DEBUG [api_auto_test] [client.py (send:48) - 接口响应body:{"code":0,"data":{"total":282,"pageSize":10,"totalPage":29,"currPage":1,"list":[{"id":325,"yonghuId":1,"licaicanpinId":3,"licaicanpinGoumaiUuidNumber":"519d5071-4204-11f1-8434-e0be0362f603","licaicanpinGoumaiFenshu":2.0,"licaicanpinGoumaiHuafei":200000.0,"insertTime":"2026-04-19 14:14:52","licaicanpinGoumaiYesnoTypes":1,"licaicanpinGoumaiYesnoText":null,"licaicanpinGoumaiShenheTime":null,"createTime":"2026-04-19 14:14:52","licaicanpinGoumaiYesnoValue":"待审核","yonghuUuidNumber":"16503565838233","yonghuName":"李晨曦1(用户)","yonghuPhone":"17703786901","yonghuIdNumber":"410224199610232001","yonghuPhoto":"http://localhost:8080/kejiyinhangyewuguanli/upload/yonghu1.jpg","zhuxiaoTypes":1,"zhuxiaoValue":"使用","yonghuEmail":"1@qq.com","licaicanpinYewurenyuanId":1,"licaicanpinUuidNumber":"16503565838282","licaicanpinName":"金盾养老理财","licaicanpinTypes":1,"licaicanpinValue":"货币型","licaicanpinJine":100000.0,"licaicanpinFenshu":1000,"licaicanpinContent":"封闭期5年，目标年化收益5.2%，养老专属"},{"id":324,"yonghuId":1,"licaicanpinId":5,"licaicanpinGoumaiUuidNumber":"3dd6f8ab-4201-11f1-b3d3-e0be0362f603","licaicanpinGoumaiFenshu":-1.0,"licaicanpinGoumaiHuafei":-1.0,"insertTime":"2026-04-19 13:52:51","licaicanpinGoumaiYesnoTypes":2,"licaicanpinGoumaiYesnoText":"购买理财产品[货币基金-日日鑫],花费账户为[16503565838425]的银行卡内的-1.0元,低于十万自动审核通过","licaicanpinGoumaiShenheTime":"2026-04-19 13:52:51","createTime":"2026-04-19 13:52:51","licaicanpinGoumaiYesnoValue":"同意","yonghuUuidNumber":"16503565838233","yonghuName":"李晨曦1(用户)","yonghuPhone":"17703786901","yonghuIdNumber":"410224199610232001","yonghuPhoto":"http://localhost:8080/kejiyinhangyewuguanli/upload/yonghu1.jpg","zhuxiaoTypes":1,"zhuxiaoValue":"使用","yonghuEmail":"1@qq.com","licaicanpinYewurenyuanId":2,"licaicanpinUuidNumber":"165035658382818","licaicanpinName":"货币基金-日日鑫","licaicanpinTypes":1,"licaicanpinValue":"货币型","licaicanpinJine":1.0,"licaicanpinFenshu":10000076,"licaicanpinContent":"T+0灵活申赎，7日年化2.1%"},{"id":323,"yonghuId":1,"licaicanpinId":5,"licaicanpinGoumaiUuidNumber":"3dcd05c8-4201-11f1-8da8-e0be0362f603","licaicanpinGoumaiFenshu":0.0,"licaicanpinGoumaiHuafei":0.0,"insertTime":"2026-04-19 13:52:51","licaicanpinGoumaiYesnoTypes":2,"licaicanpinGoumaiYesnoText":"购买理财产品[货币基金-日日鑫],花费账户为[16503565838425]的银行卡内的0.0元,低于十万自动审核通过","licaicanpinGoumaiShenheTime":"2026-04-19 13:52:51","createTime":"2026-04-19 13:52:51","licaicanpinGoumaiYesnoValue":"同意","yonghuUuidNumber":"16503565838233","yonghuName":"李晨曦1(用户)","yonghuPhone":"17703786901","yonghuIdNumber":"410224199610232001","yonghuPhoto":"http://localhost:8080/kejiyinhangyewuguanli/upload/yonghu1.jpg","zhuxiaoTypes":1,"zhuxiaoValue":"使用","yonghuEmail":"1@qq.com","licaicanpinYewurenyuanId":2,"licaicanpinUuidNumber":"165035658382818","licaicanpinName":"货币基金-日日鑫","licaicanpinTypes":1,"licaicanpinValue":"货币型","licaicanpinJine":1.0,"licaicanpinFenshu":10000076,"licaicanpinContent":"T+0灵活申赎，7日年化2.1%"},{"id":322,"yonghuId":1,"licaicanpinId":3,"licaicanpinGoumaiUuidNumber":"3d38d7ff-4201-11f1-88fb-e0be0362f603","licaicanpinGoumaiFenshu":2.0,"licaicanpinGoumaiHuafei":200000.0,"insertTime":"2026-04-19 13:52:50","licaicanpinGoumaiYesnoTypes":2,"licaicanpinGoumaiYesnoText":"agree","licaicanpinGoumaiShenheTime":"2026-04-19 13:52:50","createTime":"2026-04-19 13:52:50","licaicanpinGoumaiYesnoValue":"同意","yonghuUuidNumber":"16503565838233","yonghuName":"李晨曦1(用户)","yonghuPhone":"17703786901","yonghuIdNumber":"410224199610232001","yonghuPhoto":"http://localhost:8080/kejiyinhangyewuguanli/upload/yonghu1.jpg","zhuxiaoTypes":1,"zhuxiaoValue":"使用","yonghuEmail":"1@qq.com","licaicanpinYewurenyuanId":1,"licaicanpinUuidNumber":"16503565838282","licaicanpinName":"金盾养老理财","licaicanpinTypes":1,"licaicanpinValue":"货币型","licaicanpinJine":100000.0,"licaicanpinFenshu":1000,"licaicanpinContent":"封闭期5年，目标年化收益5.2%，养老专属"},{"id":321,"yonghuId":1,"licaicanpinId":5,"licaicanpinGoumaiUuidNumber":"9bae1195-3ef6-11f1-8182-e0be0362f603","licaicanpinGoumaiFenshu":-1.0,"licaicanpinGoumaiHuafei":-1.0,"insertTime":"2026-04-19 13:18:44","licaicanpinGoumaiYesnoTypes":2,"licaicanpinGoumaiYesnoText":"购买理财产品[货币基金-日日鑫],花费账户为[16503565838425]的银行卡内的-1.0元,低于十万自动审核通过","licaicanpinGoumaiShenheTime":"2026-04-19 13:18:44","createTime":"2026-04-19 13:18:44","licaicanpinGoumaiYesnoValue":"同意","yonghuUuidNumber":"16503565838233","yonghuName":"李晨曦1(用户)","yonghuPhone":"17703786901","yonghuIdNumber":"410224199610232001","yonghuPhoto":"http://localhost:8080/kejiyinhangyewuguanli/upload/yonghu1.jpg","zhuxiaoTypes":1,"zhuxiaoValue":"使用","yonghuEmail":"1@qq.com","licaicanpinYewurenyuanId":2,"licaicanpinUuidNumber":"165035658382818","licaicanpinName":"货币基金-日日鑫","licaicanpinTypes":1,"licaicanpinValue":"货币型","licaicanpinJine":1.0,"licaicanpinFenshu":10000076,"licaicanpinContent":"T+0灵活申赎，7日年化2.1%"},{"id":320,"yonghuId":1,"licaicanpinId":5,"licaicanpinGoumaiUuidNumber":"9ba54223-3ef6-11f1-b900-e0be0362f603","licaicanpinGoumaiFenshu":0.0,"licaicanpinGoumaiHuafei":0.0,"insertTime":"2026-04-19 13:18:44","licaicanpinGoumaiYesnoTypes":2,"licaicanpinGoumaiYesnoText":"购买理财产品[货币基金-日日鑫],花费账户为[16503565838425]的银行卡内的0.0元,低于十万自动审核通过","licaicanpinGoumaiShenheTime":"2026-04-19 13:18:44","createTime":"2026-04-19 13:18:44","licaicanpinGoumaiYesnoValue":"同意","yonghuUuidNumber":"16503565838233","yonghuName":"李晨曦1(用户)","yonghuPhone":"17703786901","yonghuIdNumber":"410224199610232001","yonghuPhoto":"http://localhost:8080/kejiyinhangyewuguanli/upload/yonghu1.jpg","zhuxiaoTypes":1,"zhuxiaoValue":"使用","yonghuEmail":"1@qq.com","licaicanpinYewurenyuanId":2,"licaicanpinUuidNumber":"165035658382818","licaicanpinName":"货币基金-日日鑫","licaicanpinTypes":1,"licaicanpinValue":"货币型","licaicanpinJine":1.0,"licaicanpinFenshu":10000076,"licaicanpinContent":"T+0灵活申赎，7日年化2.1%"},{"id":319,"yonghuId":1,"licaicanpinId":3,"licaicanpinGoumaiUuidNumber":"9b59fa08-3ef6-11f1-a2be-e0be0362f603","licaicanpinGoumaiFenshu":2.0,"licaicanpinGoumaiHuafei":200000.0,"insertTime":"2026-04-19 13:18:43","licaicanpinGoumaiYesnoTypes":2,"licaicanpinGoumaiYesnoText":"agree","licaicanpinGoumaiShenheTime":"2026-04-19 13:18:43","createTime":"2026-04-19 13:18:43","licaicanpinGoumaiYesnoValue":"同意","yonghuUuidNumber":"16503565838233","yonghuName":"李晨曦1(用户)","yonghuPhone":"17703786901","yonghuIdNumber":"410224199610232001","yonghuPhoto":"http://localhost:8080/kejiyinhangyewuguanli/upload/yonghu1.jpg","zhuxiaoTypes":1,"zhuxiaoValue":"使用","yonghuEmail":"1@qq.com","licaicanpinYewurenyuanId":1,"licaicanpinUuidNumber":"16503565838282","licaicanpinName":"金盾养老理财","licaicanpinTypes":1,"licaicanpinValue":"货币型","licaicanpinJine":100000.0,"licaicanpinFenshu":1000,"licaicanpinContent":"封闭期5年，目标年化收益5.2%，养老专属"},{"id":318,"yonghuId":1,"licaicanpinId":5,"licaicanpinGoumaiUuidNumber":"4c28b2f1-3ef2-11f1-a95a-e0be0362f603","licaicanpinGoumaiFenshu":-1.0,"licaicanpinGoumaiHuafei":-1.0,"insertTime":"2026-04-19 12:47:52","licaicanpinGoumaiYesnoTypes":2,"licaicanpinGoumaiYesnoText":"购买理财产品[货币基金-日日鑫],花费账户为[16503565838425]的银行卡内的-1.0元,低于十万自动审核通过","licaicanpinGoumaiShenheTime":"2026-04-19 12:47:52","createTime":"2026-04-19 12:47:52","licaicanpinGoumaiYesnoValue":"同意","yonghuUuidNumber":"16503565838233","yonghuName":"李晨曦1(用户)","yonghuPhone":"17703786901","yonghuIdNumber":"410224199610232001","yonghuPhoto":"http://localhost:8080/kejiyinhangyewuguanli/upload/yonghu1.jpg","zhuxiaoTypes":1,"zhuxiaoValue":"使用","yonghuEmail":"1@qq.com","licaicanpinYewurenyuanId":2,"licaicanpinUuidNumber":"165035658382818","licaicanpinName":"货币基金-日日鑫","licaicanpinTypes":1,"licaicanpinValue":"货币型","licaicanpinJine":1.0,"licaicanpinFenshu":10000076,"licaicanpinContent":"T+0灵活申赎，7日年化2.1%"},{"id":317,"yonghuId":1,"licaicanpinId":5,"licaicanpinGoumaiUuidNumber":"4c1f57f6-3ef2-11f1-8791-e0be0362f603","licaicanpinGoumaiFenshu":0.0,"licaicanpinGoumaiHuafei":0.0,"insertTime":"2026-04-19 12:47:52","licaicanpinGoumaiYesnoTypes":2,"licaicanpinGoumaiYesnoText":"购买理财产品[货币基金-日日鑫],花费账户为[16503565838425]的银行卡内的0.0元,低于十万自动审核通过","licaicanpinGoumaiShenheTime":"2026-04-19 12:47:52","createTime":"2026-04-19 12:47:52","licaicanpinGoumaiYesnoValue":"同意","yonghuUuidNumber":"16503565838233","yonghuName":"李晨曦1(用户)","yonghuPhone":"17703786901","yonghuIdNumber":"410224199610232001","yonghuPhoto":"http://localhost:8080/kejiyinhangyewuguanli/upload/yonghu1.jpg","zhuxiaoTypes":1,"zhuxiaoValue":"使用","yonghuEmail":"1@qq.com","licaicanpinYewurenyuanId":2,"licaicanpinUuidNumber":"165035658382818","licaicanpinName":"货币基金-日日鑫","licaicanpinTypes":1,"licaicanpinValue":"货币型","licaicanpinJine":1.0,"licaicanpinFenshu":10000076,"licaicanpinContent":"T+0灵活申赎，7日年化2.1%"},{"id":316,"yonghuId":1,"licaicanpinId":3,"licaicanpinGoumaiUuidNumber":"4ba86a58-3ef2-11f1-ba54-e0be0362f603","licaicanpinGoumaiFenshu":2.0,"licaicanpinGoumaiHuafei":200000.0,"insertTime":"2026-04-19 12:47:51","licaicanpinGoumaiYesnoTypes":2,"licaicanpinGoumaiYesnoText":"agree","licaicanpinGoumaiShenheTime":"2026-04-19 12:47:51","createTime":"2026-04-19 12:47:51","licaicanpinGoumaiYesnoValue":"同意","yonghuUuidNumber":"16503565838233","yonghuName":"李晨曦1(用户)","yonghuPhone":"17703786901","yonghuIdNumber":"410224199610232001","yonghuPhoto":"http://localhost:8080/kejiyinhangyewuguanli/upload/yonghu1.jpg","zhuxiaoTypes":1,"zhuxiaoValue":"使用","yonghuEmail":"1@qq.com","licaicanpinYewurenyuanId":1,"licaicanpinUuidNumber":"16503565838282","licaicanpinName":"金盾养老理财","licaicanpinTypes":1,"licaicanpinValue":"货币型","licaicanpinJine":100000.0,"licaicanpinFenshu":1000,"licaicanpinContent":"封闭期5年，目标年化收益5.2%，养老专属"}]}}]
2026-04-27 14:42:54,450 DEBUG [api_auto_test] [client.py (send:49) - ==============接口请求结束================]
2026-04-27 14:42:54,466 DEBUG [api_auto_test] [client.py (send:25) - ==================== 接口请求开始 ====================]
2026-04-27 14:42:54,467 DEBUG [api_auto_test] [client.py (send:26) - 接口 url: http://192.168.9.133:8080/kejiyinhangyewuguanli/licaicanpinGoumai/shenhe]
2026-04-27 14:42:54,467 DEBUG [api_auto_test] [client.py (send:27) - 接口 method: post]
2026-04-27 14:42:54,467 DEBUG [api_auto_test] [client.py (send:28) - 接口 headers: {'Token': 'st3cn11xuv2euofsqgrd9o2ogzz4hgdg'}]
2026-04-27 14:42:54,468 DEBUG [api_auto_test] [client.py (send:29) - 接口 params: None]
2026-04-27 14:42:54,468 DEBUG [api_auto_test] [client.py (send:30) - 接口 data: None]
2026-04-27 14:42:54,468 DEBUG [api_auto_test] [client.py (send:31) - 接口 json: {'id': 325, 'licaicanpinGoumaiYesnoTypes': 2, 'licaicanpinGoumaiYesnoText': 'agree'}]
2026-04-27 14:42:54,468 DEBUG [api_auto_test] [client.py (send:32) - 接口 files: None]
2026-04-27 14:42:54,533 DEBUG [api_auto_test] [client.py (send:47) - 接口响应状态码：200]
2026-04-27 14:42:54,534 DEBUG [api_auto_test] [client.py (send:48) - 接口响应body:{"code":0}]
2026-04-27 14:42:54,534 DEBUG [api_auto_test] [client.py (send:49) - ==============接口请求结束================]
2026-04-27 14:42:54,556 DEBUG [api_auto_test] [client.py (send:25) - ==================== 接口请求开始 ====================]
2026-04-27 14:42:54,556 DEBUG [api_auto_test] [client.py (send:26) - 接口 url: http://192.168.9.133:8080/kejiyinhangyewuguanli/licaicanpinGoumai/save]
2026-04-27 14:42:54,557 DEBUG [api_auto_test] [client.py (send:27) - 接口 method: post]
2026-04-27 14:42:54,557 DEBUG [api_auto_test] [client.py (send:28) - 接口 headers: {'Token': '6u7j11ryjtjutfe0lfsgjdcwclrohe01'}]
2026-04-27 14:42:54,557 DEBUG [api_auto_test] [client.py (send:29) - 接口 params: None]
2026-04-27 14:42:54,558 DEBUG [api_auto_test] [client.py (send:30) - 接口 data: None]
2026-04-27 14:42:54,558 DEBUG [api_auto_test] [client.py (send:31) - 接口 json: {'licaicanpinId': 1000, 'licaicanpinGoumaiUuidNumber': '51d750b9-4204-11f1-b38e-e0be0362f603', 'licaicanpinGoumaiFenshu': 1}]
2026-04-27 14:42:54,558 DEBUG [api_auto_test] [client.py (send:32) - 接口 files: None]
2026-04-27 14:42:54,580 DEBUG [api_auto_test] [client.py (send:47) - 接口响应状态码：200]
2026-04-27 14:42:54,580 DEBUG [api_auto_test] [client.py (send:48) - 接口响应body:{"msg":"查不到理财产品","code":500}]
2026-04-27 14:42:54,581 DEBUG [api_auto_test] [client.py (send:49) - ==============接口请求结束================]
2026-04-27 14:42:54,701 DEBUG [api_auto_test] [client.py (send:25) - ==================== 接口请求开始 ====================]
2026-04-27 14:42:54,702 DEBUG [api_auto_test] [client.py (send:26) - 接口 url: http://192.168.9.133:8080/kejiyinhangyewuguanli/licaicanpinGoumai/save]
2026-04-27 14:42:54,702 DEBUG [api_auto_test] [client.py (send:27) - 接口 method: post]
2026-04-27 14:42:54,702 DEBUG [api_auto_test] [client.py (send:28) - 接口 headers: {'Token': '6u7j11ryjtjutfe0lfsgjdcwclrohe01'}]
2026-04-27 14:42:54,702 DEBUG [api_auto_test] [client.py (send:29) - 接口 params: None]
2026-04-27 14:42:54,702 DEBUG [api_auto_test] [client.py (send:30) - 接口 data: None]
2026-04-27 14:42:54,703 DEBUG [api_auto_test] [client.py (send:31) - 接口 json: {'licaicanpinId': 5, 'licaicanpinGoumaiUuidNumber': '51ed67f8-4204-11f1-b97d-e0be0362f603', 'licaicanpinGoumaiFenshu': 0}]
2026-04-27 14:42:54,703 DEBUG [api_auto_test] [client.py (send:32) - 接口 files: None]
2026-04-27 14:42:54,758 DEBUG [api_auto_test] [client.py (send:47) - 接口响应状态码：200]
2026-04-27 14:42:54,758 DEBUG [api_auto_test] [client.py (send:48) - 接口响应body:{"code":0}]
2026-04-27 14:42:54,759 DEBUG [api_auto_test] [client.py (send:49) - ==============接口请求结束================]
2026-04-27 14:42:54,771 DEBUG [api_auto_test] [client.py (send:25) - ==================== 接口请求开始 ====================]
2026-04-27 14:42:54,772 DEBUG [api_auto_test] [client.py (send:26) - 接口 url: http://192.168.9.133:8080/kejiyinhangyewuguanli/licaicanpinGoumai/save]
2026-04-27 14:42:54,772 DEBUG [api_auto_test] [client.py (send:27) - 接口 method: post]
2026-04-27 14:42:54,772 DEBUG [api_auto_test] [client.py (send:28) - 接口 headers: {'Token': '6u7j11ryjtjutfe0lfsgjdcwclrohe01'}]
2026-04-27 14:42:54,773 DEBUG [api_auto_test] [client.py (send:29) - 接口 params: None]
2026-04-27 14:42:54,773 DEBUG [api_auto_test] [client.py (send:30) - 接口 data: None]
2026-04-27 14:42:54,773 DEBUG [api_auto_test] [client.py (send:31) - 接口 json: {'licaicanpinId': 5, 'licaicanpinGoumaiUuidNumber': '51f81f99-4204-11f1-9692-e0be0362f603', 'licaicanpinGoumaiFenshu': -1}]
2026-04-27 14:42:54,773 DEBUG [api_auto_test] [client.py (send:32) - 接口 files: None]
2026-04-27 14:42:54,817 DEBUG [api_auto_test] [client.py (send:47) - 接口响应状态码：200]
2026-04-27 14:42:54,817 DEBUG [api_auto_test] [client.py (send:48) - 接口响应body:{"code":0}]
2026-04-27 14:42:54,817 DEBUG [api_auto_test] [client.py (send:49) - ==============接口请求结束================]
2026-04-27 14:42:54,831 DEBUG [api_auto_test] [client.py (send:25) - ==================== 接口请求开始 ====================]
2026-04-27 14:42:54,832 DEBUG [api_auto_test] [client.py (send:26) - 接口 url: http://192.168.9.133:8080/kejiyinhangyewuguanli/licaicanpinGoumai/save]
2026-04-27 14:42:54,833 DEBUG [api_auto_test] [client.py (send:27) - 接口 method: post]
2026-04-27 14:42:54,833 DEBUG [api_auto_test] [client.py (send:28) - 接口 headers: {'Token': '6u7j11ryjtjutfe0lfsgjdcwclrohe01'}]
2026-04-27 14:42:54,833 DEBUG [api_auto_test] [client.py (send:29) - 接口 params: None]
2026-04-27 14:42:54,833 DEBUG [api_auto_test] [client.py (send:30) - 接口 data: None]
2026-04-27 14:42:54,834 DEBUG [api_auto_test] [client.py (send:31) - 接口 json: {'licaicanpinId': 5, 'licaicanpinGoumaiUuidNumber': '52013abd-4204-11f1-b17d-e0be0362f603', 'licaicanpinGoumaiFenshu': 999999999}]
2026-04-27 14:42:54,834 DEBUG [api_auto_test] [client.py (send:32) - 接口 files: None]
2026-04-27 14:42:54,862 DEBUG [api_auto_test] [client.py (send:47) - 接口响应状态码：200]
2026-04-27 14:42:54,862 DEBUG [api_auto_test] [client.py (send:48) - 接口响应body:{"msg":"购买份数不能大于总份数","code":500}]
2026-04-27 14:42:54,863 DEBUG [api_auto_test] [client.py (send:49) - ==============接口请求结束================]
